node.exe : npm warn 
invalid config cache=false 
set in command line options
At C:\Program 
Files\nodejs\npm.ps1:29 
char:3
+   & $NODE_EXE 
$NPM_CLI_JS $args
+   ~~~~~~~~~~~~~~~~~~~~~~~
~~~~~~
    + CategoryInfo         
     : NotSpecified: (npm  
   warn invali...nd line   
  options:String) [], R    
emoteException
    + FullyQualifiedErrorI 
   d : NativeCommandError
 
npm warn invalid config 
Must be valid filesystem 
path

> aeli-services-backend@1.0.0 test
> cross-env NODE_ENV=test jest --runInBand tests/unit/paymentController.test.js

  console.log
    Γ£à Test database connected

      at Object.log (tests/setup.js:11:17)

  console.log
    Γ£à Test database connection closed

      at Object.log (tests/setup.js:24:17)

PASS tests/unit/paymentCont
roller.test.js
  PaymentController Unit 
Tests
    initializePayment
      ΓêÜ should 
initialize payment for 
subscription (7 ms)
      ΓêÜ should throw 
error for invalid amount 
(28 ms)
    handleWebhook
      ΓêÜ should accept 
payment and trigger 
business logic (16 ms)
      ΓêÜ should handle 
refused payment from 
CinetPay (2 ms)

Test Suites: 1 passed, 1 
total
Tests:       4 passed, 4 
total
Snapshots:   0 total
Time:        2.088 s, 
estimated 3 s
Ran all test suites 
matching /tests\\unit\\paym
entController.test.js/i.
Force exiting Jest: Have 
you considered using 
`--detectOpenHandles` to 
detect async operations 
that kept running after 
all tests finished?
