  console.log
    Γ£à Test database connected

      at Object.log (tests/setup.js:17:17)

  console.log
    Γ£à Test database connection closed

      at Object.log (tests/setup.js:30:17)

node.exe : FAIL tests/unit/subscriptionController.test.js
At C:\Program Files\nodejs\npx.ps1:29 char:3
+   & $NODE_EXE $NPX_CLI_JS $args
+   ~~~~~~~~~~~~~~~~~~~~~~~~~~~~~
    + CategoryInfo          : NotSpecified: (FAIL tests/unit...troller.test.js:String) [], RemoteException
    + FullyQualifiedErrorId : NativeCommandError
 
  Subscription Controller
    getPlans
      ΓêÜ should return subscription plans successfully (5 ms)
    getMySubscription
      ΓêÜ should get my subscription status successfully (2 ms)
      ΓêÜ should throw error if provider not found (22 ms)
    subscribe
      ├ù should subscribe to plan successfully (8 ms)
      ΓêÜ should subscribe to plan successfully using NotchPay (3 ms)
      ΓêÜ should throw error for invalid plan (3 ms)
      ΓêÜ should throw error if provider not found (1 ms)
    activateSubscription
      ΓêÜ should activate subscription successfully (1 ms)
      ΓêÜ should skip if payment type is not subscription (1 ms)
    checkProviderStatus
      ΓêÜ should check provider subscription status successfully (1 ms)
      ΓêÜ should return false for inactive subscription (1 ms)
    sendExpirationReminders
      ΓêÜ should send expiration reminders successfully (1 ms)
      ΓêÜ should return 0 if no reminders to send (1 ms)
    processExpiredSubscriptions
      ΓêÜ should process expired subscriptions successfully (1 ms)

  ΓùÅ Subscription Controller ΓÇ║ subscribe ΓÇ║ should subscribe to plan successfully

    expect(jest.fn()).toHaveBeenCalledWith(...expected)

    - Expected
    + Received

      Object {
    +   "include": Array [
    +     Object {
    +       "as": "user",
    +       "model": Object {
    +         "findByPk": [Function mockConstructor],
    +       },
    +     },
    +   ],
        "where": Object {
          "userId": "user-123",
        },
      },

    Number of calls: 1

    [0m [90m 149 |[39m             [36mawait[39m subscribe(mockReq[33m,[39m mockRes[33m,[39m mockNext)[33m;[39m
     [90m 150 |[39m
    [31m[1m>[22m[39m[90m 151 |[39m             expect([33mProvider[39m[33m.[39mfindOne)[33m.[39mtoHaveBeenCalledWith({ where[33m:[39m { userId[33m:[39m 
[32m'user-123'[39m } })[33m;[39m
     [90m     |[39m                                      [31m[1m^[22m[39m
     [90m 152 |[39m             expect([33mPayment[39m[33m.[39mcreate)[33m.[39mtoHaveBeenCalledWith({
     [90m 153 |[39m                 userId[33m:[39m [32m'user-123'[39m[33m,[39m
     [90m 154 |[39m                 providerId[33m:[39m [32m'provider-123'[39m[33m,[39m[0m

      at Object.toHaveBeenCalledWith (tests/unit/subscriptionController.test.js:151:38)

Test Suites: 1 failed, 1 total
Tests:       1 failed, 13 passed, 14 total
Snapshots:   0 total
Time:        1.42 s, estimated 2 s
Ran all test suites matching /tests\\unit\\subscriptionController.test.js/i.
Force exiting Jest: Have you considered using `--detectOpenHandles` to detect async operations that kept running after all tests finished?
